[debug] [2025-12-28T02:53:09.246Z] > command requires scopes: ["email","openid","https://www.googleapis.com/auth/cloudplatformprojects.readonly","https://www.googleapis.com/auth/firebase","https://www.googleapis.com/auth/cloud-platform"]
[debug] [2025-12-28T02:53:09.274Z] > authorizing via signed-in user (markmal64@gmail.com)
[debug] [2025-12-28T02:53:09.282Z] Checked if tokens are valid: false, expires at: 1766322639313
[debug] [2025-12-28T02:53:09.283Z] Checked if tokens are valid: false, expires at: 1766322639313
[debug] [2025-12-28T02:53:09.290Z] > refreshing access token with scopes: []
[debug] [2025-12-28T02:53:09.311Z] >>> [apiv2][query] POST https://www.googleapis.com/oauth2/v3/token [none]
[debug] [2025-12-28T02:53:09.312Z] >>> [apiv2][body] POST https://www.googleapis.com/oauth2/v3/token [omitted]
[debug] [2025-12-28T02:53:09.419Z] > command requires scopes: ["email","openid","https://www.googleapis.com/auth/cloudplatformprojects.readonly","https://www.googleapis.com/auth/firebase","https://www.googleapis.com/auth/cloud-platform"]
[debug] [2025-12-28T02:53:09.420Z] > authorizing via signed-in user (markmal64@gmail.com)
[debug] [2025-12-28T02:53:09.420Z] Checked if tokens are valid: false, expires at: 1766322639313
[debug] [2025-12-28T02:53:09.421Z] Checked if tokens are valid: false, expires at: 1766322639313
[debug] [2025-12-28T02:53:09.422Z] > refreshing access token with scopes: []
[debug] [2025-12-28T02:53:09.422Z] >>> [apiv2][query] POST https://www.googleapis.com/oauth2/v3/token [none]
[debug] [2025-12-28T02:53:09.423Z] >>> [apiv2][body] POST https://www.googleapis.com/oauth2/v3/token [omitted]
[debug] [2025-12-28T02:53:18.343Z] <<< [apiv2][status] POST https://www.googleapis.com/oauth2/v3/token 200
[debug] [2025-12-28T02:53:18.344Z] <<< [apiv2][body] POST https://www.googleapis.com/oauth2/v3/token [omitted]
[debug] [2025-12-28T02:53:18.376Z] >>> [apiv2][query] GET https://cloudbilling.googleapis.com/v1/projects/fresh-food-vanuatu/billingInfo [none]
[debug] [2025-12-28T02:53:18.381Z] <<< [apiv2][status] POST https://www.googleapis.com/oauth2/v3/token 200
[debug] [2025-12-28T02:53:18.382Z] <<< [apiv2][body] POST https://www.googleapis.com/oauth2/v3/token [omitted]
[debug] [2025-12-28T02:53:18.390Z] >>> [apiv2][query] GET https://cloudbilling.googleapis.com/v1/projects/fresh-food-vanuatu/billingInfo [none]
[debug] [2025-12-28T02:53:22.457Z] <<< [apiv2][status] GET https://cloudbilling.googleapis.com/v1/projects/fresh-food-vanuatu/billingInfo 200
[debug] [2025-12-28T02:53:22.457Z] <<< [apiv2][body] GET https://cloudbilling.googleapis.com/v1/projects/fresh-food-vanuatu/billingInfo {"name":"projects/fresh-food-vanuatu/billingInfo","projectId":"fresh-food-vanuatu","billingAccountName":"billingAccounts/013EAB-DE1A29-388B45","billingEnabled":true}
[debug] [2025-12-28T02:53:22.470Z] Checked if tokens are valid: true, expires at: 1766893997382
[debug] [2025-12-28T02:53:22.471Z] Checked if tokens are valid: true, expires at: 1766893997382
[debug] [2025-12-28T02:53:22.472Z] Checked if tokens are valid: true, expires at: 1766893997382
[debug] [2025-12-28T02:53:22.472Z] Checked if tokens are valid: true, expires at: 1766893997382
[debug] [2025-12-28T02:53:22.514Z] Checked if tokens are valid: true, expires at: 1766893997382
[debug] [2025-12-28T02:53:22.514Z] Checked if tokens are valid: true, expires at: 1766893997382
[debug] [2025-12-28T02:53:22.515Z] Checked if tokens are valid: true, expires at: 1766893997382
[debug] [2025-12-28T02:53:22.515Z] Checked if tokens are valid: true, expires at: 1766893997382
[debug] [2025-12-28T02:53:22.516Z] >>> [apiv2][query] GET https://serviceusage.googleapis.com/v1/projects/fresh-food-vanuatu/services/storage.googleapis.com [none]
[debug] [2025-12-28T02:53:22.516Z] >>> [apiv2][(partial)header] GET https://serviceusage.googleapis.com/v1/projects/fresh-food-vanuatu/services/storage.googleapis.com x-goog-quota-user=projects/fresh-food-vanuatu
[debug] [2025-12-28T02:53:22.519Z] >>> [apiv2][query] GET https://serviceusage.googleapis.com/v1/projects/fresh-food-vanuatu/services/firebasedataconnect.googleapis.com [none]
[debug] [2025-12-28T02:53:22.520Z] >>> [apiv2][(partial)header] GET https://serviceusage.googleapis.com/v1/projects/fresh-food-vanuatu/services/firebasedataconnect.googleapis.com x-goog-quota-user=projects/fresh-food-vanuatu
[debug] [2025-12-28T02:53:22.523Z] >>> [apiv2][query] GET https://serviceusage.googleapis.com/v1/projects/fresh-food-vanuatu/services/firebaseapphosting.googleapis.com [none]
[debug] [2025-12-28T02:53:22.523Z] >>> [apiv2][(partial)header] GET https://serviceusage.googleapis.com/v1/projects/fresh-food-vanuatu/services/firebaseapphosting.googleapis.com x-goog-quota-user=projects/fresh-food-vanuatu
[debug] [2025-12-28T02:53:22.525Z] >>> [apiv2][query] GET https://serviceusage.googleapis.com/v1/projects/fresh-food-vanuatu/services/firebaseio.com [none]
[debug] [2025-12-28T02:53:22.525Z] >>> [apiv2][(partial)header] GET https://serviceusage.googleapis.com/v1/projects/fresh-food-vanuatu/services/firebaseio.com x-goog-quota-user=projects/fresh-food-vanuatu
[debug] [2025-12-28T02:53:24.877Z] <<< [apiv2][status] GET https://cloudbilling.googleapis.com/v1/projects/fresh-food-vanuatu/billingInfo 200
[debug] [2025-12-28T02:53:24.877Z] <<< [apiv2][body] GET https://cloudbilling.googleapis.com/v1/projects/fresh-food-vanuatu/billingInfo {"name":"projects/fresh-food-vanuatu/billingInfo","projectId":"fresh-food-vanuatu","billingAccountName":"billingAccounts/013EAB-DE1A29-388B45","billingEnabled":true}
[debug] [2025-12-28T02:53:24.879Z] Checked if tokens are valid: true, expires at: 1766893997382
[debug] [2025-12-28T02:53:24.879Z] Checked if tokens are valid: true, expires at: 1766893997382
[debug] [2025-12-28T02:53:24.879Z] Checked if tokens are valid: true, expires at: 1766893997382
[debug] [2025-12-28T02:53:24.880Z] Checked if tokens are valid: true, expires at: 1766893997382
[debug] [2025-12-28T02:53:24.891Z] Checked if tokens are valid: true, expires at: 1766893997382
[debug] [2025-12-28T02:53:24.892Z] Checked if tokens are valid: true, expires at: 1766893997382
[debug] [2025-12-28T02:53:24.893Z] Checked if tokens are valid: true, expires at: 1766893997382
[debug] [2025-12-28T02:53:24.893Z] Checked if tokens are valid: true, expires at: 1766893997382
[debug] [2025-12-28T02:53:24.893Z] >>> [apiv2][query] GET https://serviceusage.googleapis.com/v1/projects/fresh-food-vanuatu/services/storage.googleapis.com [none]
[debug] [2025-12-28T02:53:24.893Z] >>> [apiv2][(partial)header] GET https://serviceusage.googleapis.com/v1/projects/fresh-food-vanuatu/services/storage.googleapis.com x-goog-quota-user=projects/fresh-food-vanuatu
[debug] [2025-12-28T02:53:24.897Z] >>> [apiv2][query] GET https://serviceusage.googleapis.com/v1/projects/fresh-food-vanuatu/services/firebasedataconnect.googleapis.com [none]
[debug] [2025-12-28T02:53:24.898Z] >>> [apiv2][(partial)header] GET https://serviceusage.googleapis.com/v1/projects/fresh-food-vanuatu/services/firebasedataconnect.googleapis.com x-goog-quota-user=projects/fresh-food-vanuatu
[debug] [2025-12-28T02:53:24.901Z] >>> [apiv2][query] GET https://serviceusage.googleapis.com/v1/projects/fresh-food-vanuatu/services/firebaseapphosting.googleapis.com [none]
[debug] [2025-12-28T02:53:24.901Z] >>> [apiv2][(partial)header] GET https://serviceusage.googleapis.com/v1/projects/fresh-food-vanuatu/services/firebaseapphosting.googleapis.com x-goog-quota-user=projects/fresh-food-vanuatu
[debug] [2025-12-28T02:53:24.905Z] >>> [apiv2][query] GET https://serviceusage.googleapis.com/v1/projects/fresh-food-vanuatu/services/firebaseio.com [none]
[debug] [2025-12-28T02:53:24.905Z] >>> [apiv2][(partial)header] GET https://serviceusage.googleapis.com/v1/projects/fresh-food-vanuatu/services/firebaseio.com x-goog-quota-user=projects/fresh-food-vanuatu
[debug] [2025-12-28T02:53:25.781Z] <<< [apiv2][status] GET https://serviceusage.googleapis.com/v1/projects/fresh-food-vanuatu/services/firebaseapphosting.googleapis.com 200
[debug] [2025-12-28T02:53:25.781Z] <<< [apiv2][body] GET https://serviceusage.googleapis.com/v1/projects/fresh-food-vanuatu/services/firebaseapphosting.googleapis.com [omitted]
[debug] [2025-12-28T02:53:27.113Z] <<< [apiv2][status] GET https://serviceusage.googleapis.com/v1/projects/fresh-food-vanuatu/services/firebasedataconnect.googleapis.com 200
[debug] [2025-12-28T02:53:27.113Z] <<< [apiv2][body] GET https://serviceusage.googleapis.com/v1/projects/fresh-food-vanuatu/services/firebasedataconnect.googleapis.com [omitted]
[debug] [2025-12-28T02:53:27.153Z] <<< [apiv2][status] GET https://serviceusage.googleapis.com/v1/projects/fresh-food-vanuatu/services/firebaseio.com 403
[debug] [2025-12-28T02:53:27.153Z] <<< [apiv2][body] GET https://serviceusage.googleapis.com/v1/projects/fresh-food-vanuatu/services/firebaseio.com [omitted]
[debug] [2025-12-28T02:53:27.236Z] <<< [apiv2][status] GET https://serviceusage.googleapis.com/v1/projects/fresh-food-vanuatu/services/storage.googleapis.com 200
[debug] [2025-12-28T02:53:27.237Z] <<< [apiv2][body] GET https://serviceusage.googleapis.com/v1/projects/fresh-food-vanuatu/services/storage.googleapis.com [omitted]
[debug] [2025-12-28T02:53:27.338Z] <<< [apiv2][status] GET https://serviceusage.googleapis.com/v1/projects/fresh-food-vanuatu/services/firebasedataconnect.googleapis.com 200
[debug] [2025-12-28T02:53:27.338Z] <<< [apiv2][body] GET https://serviceusage.googleapis.com/v1/projects/fresh-food-vanuatu/services/firebasedataconnect.googleapis.com [omitted]
[debug] [2025-12-28T02:53:27.896Z] > command requires scopes: ["email","openid","https://www.googleapis.com/auth/cloudplatformprojects.readonly","https://www.googleapis.com/auth/firebase","https://www.googleapis.com/auth/cloud-platform"]
[debug] [2025-12-28T02:53:27.897Z] > authorizing via signed-in user (markmal64@gmail.com)
[debug] [2025-12-28T02:53:27.898Z] Checked if tokens are valid: true, expires at: 1766893997382
[debug] [2025-12-28T02:53:27.898Z] Checked if tokens are valid: true, expires at: 1766893997382
[debug] [2025-12-28T02:53:27.898Z] >>> [apiv2][query] GET https://cloudbilling.googleapis.com/v1/projects/fresh-food-vanuatu/billingInfo [none]
[debug] [2025-12-28T02:53:28.904Z] <<< [apiv2][status] GET https://serviceusage.googleapis.com/v1/projects/fresh-food-vanuatu/services/firebaseapphosting.googleapis.com 200
[debug] [2025-12-28T02:53:28.905Z] <<< [apiv2][body] GET https://serviceusage.googleapis.com/v1/projects/fresh-food-vanuatu/services/firebaseapphosting.googleapis.com [omitted]
[debug] [2025-12-28T02:53:29.008Z] <<< [apiv2][status] GET https://serviceusage.googleapis.com/v1/projects/fresh-food-vanuatu/services/firebaseio.com 403
[debug] [2025-12-28T02:53:29.008Z] <<< [apiv2][body] GET https://serviceusage.googleapis.com/v1/projects/fresh-food-vanuatu/services/firebaseio.com [omitted]
[debug] [2025-12-28T02:53:29.344Z] <<< [apiv2][status] GET https://serviceusage.googleapis.com/v1/projects/fresh-food-vanuatu/services/storage.googleapis.com 200
[debug] [2025-12-28T02:53:29.345Z] <<< [apiv2][body] GET https://serviceusage.googleapis.com/v1/projects/fresh-food-vanuatu/services/storage.googleapis.com [omitted]
[debug] [2025-12-28T02:53:30.544Z] <<< [apiv2][status] GET https://cloudbilling.googleapis.com/v1/projects/fresh-food-vanuatu/billingInfo 200
[debug] [2025-12-28T02:53:30.544Z] <<< [apiv2][body] GET https://cloudbilling.googleapis.com/v1/projects/fresh-food-vanuatu/billingInfo {"name":"projects/fresh-food-vanuatu/billingInfo","projectId":"fresh-food-vanuatu","billingAccountName":"billingAccounts/013EAB-DE1A29-388B45","billingEnabled":true}
[debug] [2025-12-28T02:53:30.548Z] > command requires scopes: ["email","openid","https://www.googleapis.com/auth/cloudplatformprojects.readonly","https://www.googleapis.com/auth/firebase","https://www.googleapis.com/auth/cloud-platform"]
[debug] [2025-12-28T02:53:30.548Z] > authorizing via signed-in user (markmal64@gmail.com)
